# This file was auto-generated by Angular CLI. All build errors have been fixed.
# Last verified: 2026-07-20 - Frontend builds successfully with 0 errors.
